PS C:\Samurai kadai> mkdir git_challenge


    ディレクトリ: C:\Samurai kadai


Mode                 LastWriteTime         Length Name
----                 -------------         ------ ----
d-----        2024/02/10      3:43                git_challenge


PS C:\Samurai kadai> cd git_challenge
PS C:\Samurai kadai\git_challenge> git init
Initialized empty Git repository in C:/Samurai kadai/git_challenge/.git/
PS C:\Samurai kadai\git_challenge> echo "Hello, world!" >> hello_world.txt
PS C:\Samurai kadai\git_challenge> git add hello_world.txt
PS C:\Samurai kadai\git_challenge> git commit -m "hello_world.txtを追加"
[main (root-commit) fa11c2c] hello_world.txtを追加
 1 file changed, 0 insertions(+), 0 deletions(-)
 create mode 100644 hello_world.txt
PS C:\Samurai kadai\git_challenge> echo "こんにちは、世界！" >> hello_world.txt
PS C:\Samurai kadai\git_challenge> git add hello_world.txt
PS C:\Samurai kadai\git_challenge> git commit -m "日本語訳を追記"
[main 2b5cd4e] 日本語訳を追記
 1 file changed, 0 insertions(+), 0 deletions(-)
PS C:\Samurai kadai\git_challenge> git log --oneline
2b5cd4e (HEAD -> main) 日本語訳を追記
fa11c2c hello_world.txtを追加
